CRITICAL - 2026-05-07 07:31:44 --> ErrorException: include(/home/mickaella/Projet/2026/s4/nouveau/INF205_Systeme_Information/En cours/regimeAlimentaires/vendor/composer/../../app/Controllers/Home.php): Failed to open stream: No such file or directory
[Method: GET, Route: /]
in VENDORPATH/composer/ClassLoader.php on line 576.
 1 VENDORPATH/composer/ClassLoader.php(576): CodeIgniter\Debug\Exceptions->errorHandler()
 2 VENDORPATH/composer/ClassLoader.php(576): include()
 3 VENDORPATH/composer/ClassLoader.php(427): Composer\Autoload\{closure}()
 4 [internal function]: Composer\Autoload\ClassLoader->loadClass()
 5 SYSTEMPATH/Router/Router.php(792): class_exists()
 6 SYSTEMPATH/Router/Router.php(230): CodeIgniter\Router\Router->processRouteAttributes()
 7 SYSTEMPATH/CodeIgniter.php(829): CodeIgniter\Router\Router->handle()
 8 SYSTEMPATH/CodeIgniter.php(441): CodeIgniter\CodeIgniter->tryToRouteIt()
 9 SYSTEMPATH/CodeIgniter.php(340): CodeIgniter\CodeIgniter->handleRequest()
10 SYSTEMPATH/Boot.php(417): CodeIgniter\CodeIgniter->run()
11 SYSTEMPATH/Boot.php(68): CodeIgniter\Boot::runCodeIgniter()
12 FCPATH/index.php(59): CodeIgniter\Boot::bootWeb()
CRITICAL - 2026-05-07 07:31:54 --> ErrorException: include(/home/mickaella/Projet/2026/s4/nouveau/INF205_Systeme_Information/En cours/regimeAlimentaires/vendor/composer/../../app/Controllers/Home.php): Failed to open stream: No such file or directory
[Method: GET, Route: /]
in VENDORPATH/composer/ClassLoader.php on line 576.
 1 VENDORPATH/composer/ClassLoader.php(576): CodeIgniter\Debug\Exceptions->errorHandler()
 2 VENDORPATH/composer/ClassLoader.php(576): include()
 3 VENDORPATH/composer/ClassLoader.php(427): Composer\Autoload\{closure}()
 4 [internal function]: Composer\Autoload\ClassLoader->loadClass()
 5 SYSTEMPATH/Router/Router.php(792): class_exists()
 6 SYSTEMPATH/Router/Router.php(230): CodeIgniter\Router\Router->processRouteAttributes()
 7 SYSTEMPATH/CodeIgniter.php(829): CodeIgniter\Router\Router->handle()
 8 SYSTEMPATH/CodeIgniter.php(441): CodeIgniter\CodeIgniter->tryToRouteIt()
 9 SYSTEMPATH/CodeIgniter.php(340): CodeIgniter\CodeIgniter->handleRequest()
10 SYSTEMPATH/Boot.php(417): CodeIgniter\CodeIgniter->run()
11 SYSTEMPATH/Boot.php(68): CodeIgniter\Boot::runCodeIgniter()
12 FCPATH/index.php(59): CodeIgniter\Boot::bootWeb()
CRITICAL - 2026-05-07 07:33:28 --> ErrorException: include(/home/mickaella/Projet/2026/s4/nouveau/INF205_Systeme_Information/En cours/regimeAlimentaires/vendor/composer/../../app/Controllers/Home.php): Failed to open stream: No such file or directory
[Method: GET, Route: /]
in VENDORPATH/composer/ClassLoader.php on line 576.
 1 VENDORPATH/composer/ClassLoader.php(576): CodeIgniter\Debug\Exceptions->errorHandler()
 2 VENDORPATH/composer/ClassLoader.php(576): include()
 3 VENDORPATH/composer/ClassLoader.php(427): Composer\Autoload\{closure}()
 4 [internal function]: Composer\Autoload\ClassLoader->loadClass()
 5 SYSTEMPATH/Router/Router.php(792): class_exists()
 6 SYSTEMPATH/Router/Router.php(230): CodeIgniter\Router\Router->processRouteAttributes()
 7 SYSTEMPATH/CodeIgniter.php(829): CodeIgniter\Router\Router->handle()
 8 SYSTEMPATH/CodeIgniter.php(441): CodeIgniter\CodeIgniter->tryToRouteIt()
 9 SYSTEMPATH/CodeIgniter.php(340): CodeIgniter\CodeIgniter->handleRequest()
10 SYSTEMPATH/Boot.php(417): CodeIgniter\CodeIgniter->run()
11 SYSTEMPATH/Boot.php(68): CodeIgniter\Boot::runCodeIgniter()
12 FCPATH/index.php(59): CodeIgniter\Boot::bootWeb()
CRITICAL - 2026-05-07 07:34:17 --> ErrorException: include(/home/mickaella/Projet/2026/s4/nouveau/INF205_Systeme_Information/En cours/regimeAlimentaires/vendor/composer/../../app/Controllers/Home.php): Failed to open stream: No such file or directory
[Method: GET, Route: /]
in VENDORPATH/composer/ClassLoader.php on line 576.
 1 VENDORPATH/composer/ClassLoader.php(576): CodeIgniter\Debug\Exceptions->errorHandler()
 2 VENDORPATH/composer/ClassLoader.php(576): include()
 3 VENDORPATH/composer/ClassLoader.php(427): Composer\Autoload\{closure}()
 4 [internal function]: Composer\Autoload\ClassLoader->loadClass()
 5 SYSTEMPATH/Router/Router.php(792): class_exists()
 6 SYSTEMPATH/Router/Router.php(230): CodeIgniter\Router\Router->processRouteAttributes()
 7 SYSTEMPATH/CodeIgniter.php(829): CodeIgniter\Router\Router->handle()
 8 SYSTEMPATH/CodeIgniter.php(441): CodeIgniter\CodeIgniter->tryToRouteIt()
 9 SYSTEMPATH/CodeIgniter.php(340): CodeIgniter\CodeIgniter->handleRequest()
10 SYSTEMPATH/Boot.php(417): CodeIgniter\CodeIgniter->run()
11 SYSTEMPATH/Boot.php(68): CodeIgniter\Boot::runCodeIgniter()
12 FCPATH/index.php(59): CodeIgniter\Boot::bootWeb()
CRITICAL - 2026-05-07 07:34:26 --> ErrorException: include(/home/mickaella/Projet/2026/s4/nouveau/INF205_Systeme_Information/En cours/regimeAlimentaires/vendor/composer/../../app/Controllers/Home.php): Failed to open stream: No such file or directory
[Method: GET, Route: /]
in VENDORPATH/composer/ClassLoader.php on line 576.
 1 VENDORPATH/composer/ClassLoader.php(576): CodeIgniter\Debug\Exceptions->errorHandler()
 2 VENDORPATH/composer/ClassLoader.php(576): include()
 3 VENDORPATH/composer/ClassLoader.php(427): Composer\Autoload\{closure}()
 4 [internal function]: Composer\Autoload\ClassLoader->loadClass()
 5 SYSTEMPATH/Router/Router.php(792): class_exists()
 6 SYSTEMPATH/Router/Router.php(230): CodeIgniter\Router\Router->processRouteAttributes()
 7 SYSTEMPATH/CodeIgniter.php(829): CodeIgniter\Router\Router->handle()
 8 SYSTEMPATH/CodeIgniter.php(441): CodeIgniter\CodeIgniter->tryToRouteIt()
 9 SYSTEMPATH/CodeIgniter.php(340): CodeIgniter\CodeIgniter->handleRequest()
10 SYSTEMPATH/Boot.php(417): CodeIgniter\CodeIgniter->run()
11 SYSTEMPATH/Boot.php(68): CodeIgniter\Boot::runCodeIgniter()
12 FCPATH/index.php(59): CodeIgniter\Boot::bootWeb()
CRITICAL - 2026-05-07 07:36:38 --> ErrorException: include(/home/mickaella/Projet/2026/s4/nouveau/INF205_Systeme_Information/En cours/regimeAlimentaires/vendor/composer/../../app/Controllers/Home.php): Failed to open stream: No such file or directory
[Method: GET, Route: /]
in VENDORPATH/composer/ClassLoader.php on line 576.
 1 VENDORPATH/composer/ClassLoader.php(576): CodeIgniter\Debug\Exceptions->errorHandler()
 2 VENDORPATH/composer/ClassLoader.php(576): include()
 3 VENDORPATH/composer/ClassLoader.php(427): Composer\Autoload\{closure}()
 4 [internal function]: Composer\Autoload\ClassLoader->loadClass()
 5 SYSTEMPATH/Router/Router.php(792): class_exists()
 6 SYSTEMPATH/Router/Router.php(230): CodeIgniter\Router\Router->processRouteAttributes()
 7 SYSTEMPATH/CodeIgniter.php(829): CodeIgniter\Router\Router->handle()
 8 SYSTEMPATH/CodeIgniter.php(441): CodeIgniter\CodeIgniter->tryToRouteIt()
 9 SYSTEMPATH/CodeIgniter.php(340): CodeIgniter\CodeIgniter->handleRequest()
10 SYSTEMPATH/Boot.php(417): CodeIgniter\CodeIgniter->run()
11 SYSTEMPATH/Boot.php(68): CodeIgniter\Boot::runCodeIgniter()
12 FCPATH/index.php(59): CodeIgniter\Boot::bootWeb()
CRITICAL - 2026-05-07 07:38:39 --> ErrorException: include(/home/mickaella/Projet/2026/s4/nouveau/INF205_Systeme_Information/En cours/regimeAlimentaires/vendor/composer/../../app/Controllers/BaseController.php): Failed to open stream: No such file or directory
[Method: GET, Route: login]
in VENDORPATH/composer/ClassLoader.php on line 576.
 1 VENDORPATH/composer/ClassLoader.php(576): CodeIgniter\Debug\Exceptions->errorHandler()
 2 VENDORPATH/composer/ClassLoader.php(576): include()
 3 VENDORPATH/composer/ClassLoader.php(427): Composer\Autoload\{closure}()
 4 APPPATH/Controllers/UserController.php(5): Composer\Autoload\ClassLoader->loadClass()
 5 VENDORPATH/composer/ClassLoader.php(576): include('/home/mickaella/Projet/2026/s4/nouveau/INF205_Systeme_Information/En cours/regimeAlimentaires/app/Controllers/UserController.php')
 6 VENDORPATH/composer/ClassLoader.php(427): Composer\Autoload\{closure}()
 7 [internal function]: Composer\Autoload\ClassLoader->loadClass()
 8 SYSTEMPATH/Router/Router.php(792): class_exists()
 9 SYSTEMPATH/Router/Router.php(230): CodeIgniter\Router\Router->processRouteAttributes()
10 SYSTEMPATH/CodeIgniter.php(829): CodeIgniter\Router\Router->handle()
11 SYSTEMPATH/CodeIgniter.php(441): CodeIgniter\CodeIgniter->tryToRouteIt()
12 SYSTEMPATH/CodeIgniter.php(340): CodeIgniter\CodeIgniter->handleRequest()
13 SYSTEMPATH/Boot.php(417): CodeIgniter\CodeIgniter->run()
14 SYSTEMPATH/Boot.php(68): CodeIgniter\Boot::runCodeIgniter()
15 FCPATH/index.php(59): CodeIgniter\Boot::bootWeb()
CRITICAL - 2026-05-07 07:41:28 --> ErrorException: include(/home/mickaella/Projet/2026/s4/nouveau/INF205_Systeme_Information/En cours/regimeAlimentaires/vendor/composer/../../app/Controllers/BaseController.php): Failed to open stream: No such file or directory
[Method: GET, Route: login]
in VENDORPATH/composer/ClassLoader.php on line 576.
 1 VENDORPATH/composer/ClassLoader.php(576): CodeIgniter\Debug\Exceptions->errorHandler()
 2 VENDORPATH/composer/ClassLoader.php(576): include()
 3 VENDORPATH/composer/ClassLoader.php(427): Composer\Autoload\{closure}()
 4 APPPATH/Controllers/UserController.php(5): Composer\Autoload\ClassLoader->loadClass()
 5 VENDORPATH/composer/ClassLoader.php(576): include('/home/mickaella/Projet/2026/s4/nouveau/INF205_Systeme_Information/En cours/regimeAlimentaires/app/Controllers/UserController.php')
 6 VENDORPATH/composer/ClassLoader.php(427): Composer\Autoload\{closure}()
 7 [internal function]: Composer\Autoload\ClassLoader->loadClass()
 8 SYSTEMPATH/Router/Router.php(792): class_exists()
 9 SYSTEMPATH/Router/Router.php(230): CodeIgniter\Router\Router->processRouteAttributes()
10 SYSTEMPATH/CodeIgniter.php(829): CodeIgniter\Router\Router->handle()
11 SYSTEMPATH/CodeIgniter.php(441): CodeIgniter\CodeIgniter->tryToRouteIt()
12 SYSTEMPATH/CodeIgniter.php(340): CodeIgniter\CodeIgniter->handleRequest()
13 SYSTEMPATH/Boot.php(417): CodeIgniter\CodeIgniter->run()
14 SYSTEMPATH/Boot.php(68): CodeIgniter\Boot::runCodeIgniter()
15 FCPATH/index.php(59): CodeIgniter\Boot::bootWeb()
CRITICAL - 2026-05-07 07:41:31 --> ErrorException: include(/home/mickaella/Projet/2026/s4/nouveau/INF205_Systeme_Information/En cours/regimeAlimentaires/vendor/composer/../../app/Controllers/BaseController.php): Failed to open stream: No such file or directory
[Method: GET, Route: login]
in VENDORPATH/composer/ClassLoader.php on line 576.
 1 VENDORPATH/composer/ClassLoader.php(576): CodeIgniter\Debug\Exceptions->errorHandler()
 2 VENDORPATH/composer/ClassLoader.php(576): include()
 3 VENDORPATH/composer/ClassLoader.php(427): Composer\Autoload\{closure}()
 4 APPPATH/Controllers/UserController.php(5): Composer\Autoload\ClassLoader->loadClass()
 5 VENDORPATH/composer/ClassLoader.php(576): include('/home/mickaella/Projet/2026/s4/nouveau/INF205_Systeme_Information/En cours/regimeAlimentaires/app/Controllers/UserController.php')
 6 VENDORPATH/composer/ClassLoader.php(427): Composer\Autoload\{closure}()
 7 [internal function]: Composer\Autoload\ClassLoader->loadClass()
 8 SYSTEMPATH/Router/Router.php(792): class_exists()
 9 SYSTEMPATH/Router/Router.php(230): CodeIgniter\Router\Router->processRouteAttributes()
10 SYSTEMPATH/CodeIgniter.php(829): CodeIgniter\Router\Router->handle()
11 SYSTEMPATH/CodeIgniter.php(441): CodeIgniter\CodeIgniter->tryToRouteIt()
12 SYSTEMPATH/CodeIgniter.php(340): CodeIgniter\CodeIgniter->handleRequest()
13 SYSTEMPATH/Boot.php(417): CodeIgniter\CodeIgniter->run()
14 SYSTEMPATH/Boot.php(68): CodeIgniter\Boot::runCodeIgniter()
15 FCPATH/index.php(59): CodeIgniter\Boot::bootWeb()
CRITICAL - 2026-05-07 07:43:22 --> ErrorException: include(/home/mickaella/Projet/2026/s4/nouveau/INF205_Systeme_Information/En cours/regimeAlimentaires/vendor/composer/../../app/Controllers/BaseController.php): Failed to open stream: No such file or directory
[Method: GET, Route: login]
in VENDORPATH/composer/ClassLoader.php on line 576.
 1 VENDORPATH/composer/ClassLoader.php(576): CodeIgniter\Debug\Exceptions->errorHandler()
 2 VENDORPATH/composer/ClassLoader.php(576): include()
 3 VENDORPATH/composer/ClassLoader.php(427): Composer\Autoload\{closure}()
 4 APPPATH/Controllers/UserController.php(5): Composer\Autoload\ClassLoader->loadClass()
 5 VENDORPATH/composer/ClassLoader.php(576): include('/home/mickaella/Projet/2026/s4/nouveau/INF205_Systeme_Information/En cours/regimeAlimentaires/app/Controllers/UserController.php')
 6 VENDORPATH/composer/ClassLoader.php(427): Composer\Autoload\{closure}()
 7 [internal function]: Composer\Autoload\ClassLoader->loadClass()
 8 SYSTEMPATH/Router/Router.php(792): class_exists()
 9 SYSTEMPATH/Router/Router.php(230): CodeIgniter\Router\Router->processRouteAttributes()
10 SYSTEMPATH/CodeIgniter.php(829): CodeIgniter\Router\Router->handle()
11 SYSTEMPATH/CodeIgniter.php(441): CodeIgniter\CodeIgniter->tryToRouteIt()
12 SYSTEMPATH/CodeIgniter.php(340): CodeIgniter\CodeIgniter->handleRequest()
13 SYSTEMPATH/Boot.php(417): CodeIgniter\CodeIgniter->run()
14 SYSTEMPATH/Boot.php(68): CodeIgniter\Boot::runCodeIgniter()
15 FCPATH/index.php(59): CodeIgniter\Boot::bootWeb()
CRITICAL - 2026-05-07 07:43:57 --> ErrorException: include(/home/mickaella/Projet/2026/s4/nouveau/INF205_Systeme_Information/En cours/regimeAlimentaires/vendor/composer/../../app/Controllers/BaseController.php): Failed to open stream: No such file or directory
[Method: GET, Route: login]
in VENDORPATH/composer/ClassLoader.php on line 576.
 1 VENDORPATH/composer/ClassLoader.php(576): CodeIgniter\Debug\Exceptions->errorHandler()
 2 VENDORPATH/composer/ClassLoader.php(576): include()
 3 VENDORPATH/composer/ClassLoader.php(427): Composer\Autoload\{closure}()
 4 APPPATH/Controllers/UserController.php(5): Composer\Autoload\ClassLoader->loadClass()
 5 VENDORPATH/composer/ClassLoader.php(576): include('/home/mickaella/Projet/2026/s4/nouveau/INF205_Systeme_Information/En cours/regimeAlimentaires/app/Controllers/UserController.php')
 6 VENDORPATH/composer/ClassLoader.php(427): Composer\Autoload\{closure}()
 7 [internal function]: Composer\Autoload\ClassLoader->loadClass()
 8 SYSTEMPATH/Router/Router.php(792): class_exists()
 9 SYSTEMPATH/Router/Router.php(230): CodeIgniter\Router\Router->processRouteAttributes()
10 SYSTEMPATH/CodeIgniter.php(829): CodeIgniter\Router\Router->handle()
11 SYSTEMPATH/CodeIgniter.php(441): CodeIgniter\CodeIgniter->tryToRouteIt()
12 SYSTEMPATH/CodeIgniter.php(340): CodeIgniter\CodeIgniter->handleRequest()
13 SYSTEMPATH/Boot.php(417): CodeIgniter\CodeIgniter->run()
14 SYSTEMPATH/Boot.php(68): CodeIgniter\Boot::runCodeIgniter()
15 FCPATH/index.php(59): CodeIgniter\Boot::bootWeb()
CRITICAL - 2026-05-07 07:44:19 --> ErrorException: include(/home/mickaella/Projet/2026/s4/nouveau/INF205_Systeme_Information/En cours/regimeAlimentaires/vendor/composer/../../app/Controllers/Home.php): Failed to open stream: No such file or directory
[Method: GET, Route: acceuil]
in VENDORPATH/composer/ClassLoader.php on line 576.
 1 VENDORPATH/composer/ClassLoader.php(576): CodeIgniter\Debug\Exceptions->errorHandler()
 2 VENDORPATH/composer/ClassLoader.php(576): include()
 3 VENDORPATH/composer/ClassLoader.php(427): Composer\Autoload\{closure}()
 4 [internal function]: Composer\Autoload\ClassLoader->loadClass()
 5 SYSTEMPATH/Router/Router.php(792): class_exists()
 6 SYSTEMPATH/Router/Router.php(230): CodeIgniter\Router\Router->processRouteAttributes()
 7 SYSTEMPATH/CodeIgniter.php(829): CodeIgniter\Router\Router->handle()
 8 SYSTEMPATH/CodeIgniter.php(441): CodeIgniter\CodeIgniter->tryToRouteIt()
 9 SYSTEMPATH/CodeIgniter.php(340): CodeIgniter\CodeIgniter->handleRequest()
10 SYSTEMPATH/Boot.php(417): CodeIgniter\CodeIgniter->run()
11 SYSTEMPATH/Boot.php(68): CodeIgniter\Boot::runCodeIgniter()
12 FCPATH/index.php(59): CodeIgniter\Boot::bootWeb()
CRITICAL - 2026-05-07 07:47:26 --> ErrorException: include(/home/mickaella/Projet/2026/s4/nouveau/INF205_Systeme_Information/En cours/regimeAlimentaires/vendor/composer/../../app/Controllers/Home.php): Failed to open stream: No such file or directory
[Method: GET, Route: /]
in VENDORPATH/composer/ClassLoader.php on line 576.
 1 VENDORPATH/composer/ClassLoader.php(576): CodeIgniter\Debug\Exceptions->errorHandler()
 2 VENDORPATH/composer/ClassLoader.php(576): include()
 3 VENDORPATH/composer/ClassLoader.php(427): Composer\Autoload\{closure}()
 4 [internal function]: Composer\Autoload\ClassLoader->loadClass()
 5 SYSTEMPATH/Router/Router.php(792): class_exists()
 6 SYSTEMPATH/Router/Router.php(230): CodeIgniter\Router\Router->processRouteAttributes()
 7 SYSTEMPATH/CodeIgniter.php(829): CodeIgniter\Router\Router->handle()
 8 SYSTEMPATH/CodeIgniter.php(441): CodeIgniter\CodeIgniter->tryToRouteIt()
 9 SYSTEMPATH/CodeIgniter.php(340): CodeIgniter\CodeIgniter->handleRequest()
10 SYSTEMPATH/Boot.php(417): CodeIgniter\CodeIgniter->run()
11 SYSTEMPATH/Boot.php(68): CodeIgniter\Boot::runCodeIgniter()
12 FCPATH/index.php(59): CodeIgniter\Boot::bootWeb()
